<html>
<body>
<pre>
<h1>µVision Build Log</h1>
<h2>Tool Versions:</h2>
IDE-Version: µVision V5.17.0.0
Copyright (C) 2015 ARM Ltd and ARM Germany GmbH. All rights reserved.
License Information: Vlad B, K, LIC=----
 
Tool Versions:
Toolchain:       MDK-Lite  Version: 5.17
Toolchain Path:  C:\Keil_v5\ARM\ARMCC\Bin
C Compiler:      Armcc.exe V5.06 update 1 (build 61)
Assembler:       Armasm.exe V5.06 update 1 (build 61)
Linker/Locator:  ArmLink.exe V5.06 update 1 (build 61)
Library Manager: ArmAr.exe V5.06 update 1 (build 61)
Hex Converter:   FromElf.exe V5.06 update 1 (build 61)
CPU DLL:         SARMCM3.DLL V5.17
Dialog DLL:      DCM.DLL V1.13.4.0
Target DLL:      STLink\ST-LINKIII-KEIL_SWO.dll V2.0.18.0
Dialog DLL:      TCM.DLL V1.14.6.0
 
<h2>Project:</h2>
C:\Users\Vladislav\Documents\STM32_Projects\F4_stepmotor\F4_stepmotor\MDK-ARM\F4_stepmotor.uvprojx
Project File Date:  12/07/2015

<h2>Output:</h2>
*** Using Compiler 'V5.06 update 1 (build 61)', folder: 'C:\Keil_v5\ARM\ARMCC\Bin'
Build target 'F4_stepmotor Configuration'
compiling stm32f4xx_it.c...
../Inc/step.h(11): warning:  #188-D: enumerated type mixed with another type
  		HAL_GPIO_WritePin(GPIOx, Pin1 , dir?0:1);
../Inc/step.h(12): warning:  #188-D: enumerated type mixed with another type
  		HAL_GPIO_WritePin(GPIOx, Pin2 , 0);
../Inc/step.h(13): warning:  #188-D: enumerated type mixed with another type
  		HAL_GPIO_WritePin(GPIOx, Pin3 , 0);
../Inc/step.h(14): warning:  #188-D: enumerated type mixed with another type
  		HAL_GPIO_WritePin(GPIOx, Pin4 , dir?1:0);
../Inc/step.h(18): warning:  #188-D: enumerated type mixed with another type
      HAL_GPIO_WritePin(GPIOx, Pin1 , dir?0:1);
../Inc/step.h(19): warning:  #188-D: enumerated type mixed with another type
  		HAL_GPIO_WritePin(GPIOx, Pin2 , dir?0:1);
../Inc/step.h(20): warning:  #188-D: enumerated type mixed with another type
  		HAL_GPIO_WritePin(GPIOx, Pin3 , dir?1:0);
../Inc/step.h(21): warning:  #188-D: enumerated type mixed with another type
  		HAL_GPIO_WritePin(GPIOx, Pin4 , dir?1:0);
../Inc/step.h(25): warning:  #188-D: enumerated type mixed with another type
  		HAL_GPIO_WritePin(GPIOx, Pin1 , 0);
../Inc/step.h(26): warning:  #188-D: enumerated type mixed with another type
  		HAL_GPIO_WritePin(GPIOx, Pin2 , dir?0:1);
../Inc/step.h(27): warning:  #188-D: enumerated type mixed with another type
  		HAL_GPIO_WritePin(GPIOx, Pin3 , dir?1:0);
../Inc/step.h(28): warning:  #188-D: enumerated type mixed with another type
  		HAL_GPIO_WritePin(GPIOx, Pin4 , 0);
../Inc/step.h(32): warning:  #188-D: enumerated type mixed with another type
  		HAL_GPIO_WritePin(GPIOx, Pin1 , 0);
../Inc/step.h(33): warning:  #188-D: enumerated type mixed with another type
  		HAL_GPIO_WritePin(GPIOx, Pin2 , 1);
../Inc/step.h(34): warning:  #188-D: enumerated type mixed with another type
  		HAL_GPIO_WritePin(GPIOx, Pin3 , 1);
../Inc/step.h(35): warning:  #188-D: enumerated type mixed with another type
  		HAL_GPIO_WritePin(GPIOx, Pin4 , 0);
../Inc/step.h(39): warning:  #188-D: enumerated type mixed with another type
  		HAL_GPIO_WritePin(GPIOx, Pin1 , 0);
../Inc/step.h(40): warning:  #188-D: enumerated type mixed with another type
  		HAL_GPIO_WritePin(GPIOx, Pin2 , dir?1:0);
../Inc/step.h(41): warning:  #188-D: enumerated type mixed with another type
  		HAL_GPIO_WritePin(GPIOx, Pin3 , dir?0:1);
../Inc/step.h(42): warning:  #188-D: enumerated type mixed with another type
  		HAL_GPIO_WritePin(GPIOx, Pin4 , 0);
../Inc/step.h(46): warning:  #188-D: enumerated type mixed with another type
  		HAL_GPIO_WritePin(GPIOx, Pin1 , dir?1:0);
../Inc/step.h(47): warning:  #188-D: enumerated type mixed with another type
  		HAL_GPIO_WritePin(GPIOx, Pin2 , dir?1:0);
../Inc/step.h(48): warning:  #188-D: enumerated type mixed with another type
  		HAL_GPIO_WritePin(GPIOx, Pin3 , dir?0:1);
../Inc/step.h(49): warning:  #188-D: enumerated type mixed with another type
  		HAL_GPIO_WritePin(GPIOx, Pin4 , dir?0:1);
../Inc/step.h(53): warning:  #188-D: enumerated type mixed with another type
  		HAL_GPIO_WritePin(GPIOx, Pin1 , dir?1:0);
../Inc/step.h(54): warning:  #188-D: enumerated type mixed with another type
  		HAL_GPIO_WritePin(GPIOx, Pin2 , 0);
../Inc/step.h(55): warning:  #188-D: enumerated type mixed with another type
  		HAL_GPIO_WritePin(GPIOx, Pin3 , 0);
../Inc/step.h(56): warning:  #188-D: enumerated type mixed with another type
  		HAL_GPIO_WritePin(GPIOx, Pin4 , dir?0:1);
../Inc/step.h(60): warning:  #188-D: enumerated type mixed with another type
  		HAL_GPIO_WritePin(GPIOx, Pin1 , 1);
../Inc/step.h(61): warning:  #188-D: enumerated type mixed with another type
  		HAL_GPIO_WritePin(GPIOx, Pin2 , 0);
../Inc/step.h(62): warning:  #188-D: enumerated type mixed with another type
  		HAL_GPIO_WritePin(GPIOx, Pin3 , 0);
../Inc/step.h(63): warning:  #188-D: enumerated type mixed with another type
  		HAL_GPIO_WritePin(GPIOx, Pin4 , 1);
../Inc/step.h(81): warning:  #188-D: enumerated type mixed with another type
  		HAL_GPIO_WritePin(GPIOx, Pin1 , dir?1:1);
../Inc/step.h(82): warning:  #188-D: enumerated type mixed with another type
  		HAL_GPIO_WritePin(GPIOx, Pin2 , dir?1:0);
../Inc/step.h(83): warning:  #188-D: enumerated type mixed with another type
  		HAL_GPIO_WritePin(GPIOx, Pin3 , dir?0:1);
../Inc/step.h(84): warning:  #188-D: enumerated type mixed with another type
  		HAL_GPIO_WritePin(GPIOx, Pin4 , dir?0:0);
../Inc/step.h(88): warning:  #188-D: enumerated type mixed with another type
      HAL_GPIO_WritePin(GPIOx, Pin1 , dir?0:0);
../Inc/step.h(89): warning:  #188-D: enumerated type mixed with another type
  		HAL_GPIO_WritePin(GPIOx, Pin2 , dir?1:1);
../Inc/step.h(90): warning:  #188-D: enumerated type mixed with another type
  		HAL_GPIO_WritePin(GPIOx, Pin3 , dir?1:1);
../Inc/step.h(91): warning:  #188-D: enumerated type mixed with another type
  		HAL_GPIO_WritePin(GPIOx, Pin4 , dir?0:0);
../Inc/step.h(95): warning:  #188-D: enumerated type mixed with another type
  		HAL_GPIO_WritePin(GPIOx, Pin1 , dir?0:0);
../Inc/step.h(96): warning:  #188-D: enumerated type mixed with another type
  		HAL_GPIO_WritePin(GPIOx, Pin2 , dir?0:1);
../Inc/step.h(97): warning:  #188-D: enumerated type mixed with another type
  		HAL_GPIO_WritePin(GPIOx, Pin3 , dir?1:0);
../Inc/step.h(98): warning:  #188-D: enumerated type mixed with another type
  		HAL_GPIO_WritePin(GPIOx, Pin4 , dir?1:1);
../Inc/step.h(102): warning:  #188-D: enumerated type mixed with another type
  		HAL_GPIO_WritePin(GPIOx, Pin1 , dir?1:1);
../Inc/step.h(103): warning:  #188-D: enumerated type mixed with another type
  		HAL_GPIO_WritePin(GPIOx, Pin2 , dir?0:0);
../Inc/step.h(104): warning:  #188-D: enumerated type mixed with another type
  		HAL_GPIO_WritePin(GPIOx, Pin3 , dir?0:0);
../Inc/step.h(105): warning:  #188-D: enumerated type mixed with another type
  		HAL_GPIO_WritePin(GPIOx, Pin4 , dir?1:1);
../Inc/step.h(109): warning:  #188-D: enumerated type mixed with another type
  		HAL_GPIO_WritePin(GPIOx, Pin1 , dir?1:1);
../Inc/step.h(110): warning:  #188-D: enumerated type mixed with another type
  		HAL_GPIO_WritePin(GPIOx, Pin2 , dir?1:0);
../Inc/step.h(111): warning:  #188-D: enumerated type mixed with another type
  		HAL_GPIO_WritePin(GPIOx, Pin3 , dir?0:1);
../Inc/step.h(112): warning:  #188-D: enumerated type mixed with another type
  		HAL_GPIO_WritePin(GPIOx, Pin4 , dir?0:0);
../Inc/step.h(116): warning:  #188-D: enumerated type mixed with another type
  		HAL_GPIO_WritePin(GPIOx, Pin1 , dir?0:0);
../Inc/step.h(117): warning:  #188-D: enumerated type mixed with another type
  		HAL_GPIO_WritePin(GPIOx, Pin2 , dir?1:1);
../Inc/step.h(118): warning:  #188-D: enumerated type mixed with another type
  		HAL_GPIO_WritePin(GPIOx, Pin3 , dir?1:1);
../Inc/step.h(119): warning:  #188-D: enumerated type mixed with another type
  		HAL_GPIO_WritePin(GPIOx, Pin4 , dir?0:0);
../Inc/step.h(123): warning:  #188-D: enumerated type mixed with another type
  		HAL_GPIO_WritePin(GPIOx, Pin1 , dir?0:0);
../Inc/step.h(124): warning:  #188-D: enumerated type mixed with another type
  		HAL_GPIO_WritePin(GPIOx, Pin2 , dir?0:1);
../Inc/step.h(125): warning:  #188-D: enumerated type mixed with another type
  		HAL_GPIO_WritePin(GPIOx, Pin3 , dir?1:0);
../Inc/step.h(126): warning:  #188-D: enumerated type mixed with another type
  		HAL_GPIO_WritePin(GPIOx, Pin4 , dir?1:1);
../Inc/step.h(130): warning:  #188-D: enumerated type mixed with another type
  		HAL_GPIO_WritePin(GPIOx, Pin1 , dir?1:1);
../Inc/step.h(131): warning:  #188-D: enumerated type mixed with another type
  		HAL_GPIO_WritePin(GPIOx, Pin2 , dir?0:0);
../Inc/step.h(132): warning:  #188-D: enumerated type mixed with another type
  		HAL_GPIO_WritePin(GPIOx, Pin3 , dir?0:0);
../Inc/step.h(133): warning:  #188-D: enumerated type mixed with another type
  		HAL_GPIO_WritePin(GPIOx, Pin4 , dir?1:1);
../Inc/step.h(144): warning:  #1-D: last line of file ends without a newline
  }
../Src/stm32f4xx_it.c: 65 warnings, 0 errors
linking...
Program Size: Code=4380 RO-data=440 RW-data=20 ZI-data=1084  
"F4_stepmotor Configuration/\.axf" - 0 Error(s), 65 Warning(s).

<h2>Software Packages used:</h2>

Package Vendor: ARM
                http://www.keil.com/pack/ARM.CMSIS.4.5.0.pack
                ARM::CMSIS:CORE:4.3.0
                CMSIS (Cortex Microcontroller Software Interface Standard)
   * Component: CORE Version: 4.3.0

<h2>Collection of Component include folders:</h2>
  C:\Users\Vladislav\Documents\STM32_Projects\F4_stepmotor\F4_stepmotor\MDK-ARM\RTE
  C:\Keil_v5\ARM\PACK\ARM\CMSIS\4.5.0\CMSIS\Include
  C:\Keil_v5\ARM\PACK\Keil\STM32F4xx_DFP\2.6.0\Drivers\CMSIS\Device\ST\STM32F4xx\Include

<h2>Collection of Component Files used:</h2>

   * Component: ARM::CMSIS:CORE:4.3.0
Build Time Elapsed:  00:00:01
</pre>
</body>
</html>
